Resolving dependencies...
Downloading packages...
  _fe_analyzer_shared 85.0.0 (94.0.0 available)
  analyzer 7.6.0 (10.0.2 available)
  analyzer_plugin 0.13.4 (0.14.2 available)
  build 2.5.4 (4.0.4 available)
  build_config 1.1.2 (1.2.0 available)
  build_resolvers 2.5.4 (3.0.4 available)
  build_runner 2.5.4 (2.10.5 available)
  build_runner_core 9.1.2 (9.3.2 available)
  characters 1.4.0 (1.4.1 available)
  custom_lint_core 0.7.5 (0.8.2 available)
  custom_lint_visitor 1.0.0+7.7.0 (1.0.0+9.0.0 available)
  dart_style 3.1.1 (3.1.5 available)
  flutter_lints 3.0.2 (6.0.0 available)
  flutter_riverpod 2.6.1 (3.2.1 available)
  freezed 2.5.8 (3.2.5 available)
  freezed_annotation 2.4.4 (3.1.0 available)
  go_router 13.2.5 (17.1.0 available)
  google_fonts 6.3.3 (8.0.0 available)
  hooks 1.0.0 (1.0.1 available)
  intl 0.19.0 (0.20.2 available)
  json_annotation 4.9.0 (4.10.0 available)
  json_serializable 6.9.5 (6.12.0 available)
  lints 3.0.0 (6.1.0 available)
  matcher 0.12.17 (0.12.18 available)
  material_color_utilities 0.11.1 (0.13.0 available)
  meta 1.17.0 (1.18.1 available)
  riverpod 2.6.1 (3.2.1 available)
  riverpod_analyzer_utils 0.5.9 (0.5.10 available)
  riverpod_annotation 2.6.1 (4.0.2 available)
  riverpod_generator 2.6.4 (4.0.3 available)
  source_gen 2.0.0 (4.2.0 available)
  source_helper 1.3.7 (1.3.10 available)
  test_api 0.7.7 (0.7.9 available)
Got dependencies!
33 packages have newer versions incompatible with dependency constraints.
Try `flutter pub outdated` for more information.
00:00 +0: loading /app/test/features/tasks/presentation/widgets/task_card_test.dart                                                                                                                    00:01 +0: loading /app/test/features/tasks/presentation/widgets/task_card_test.dart                                                                                                                    00:02 +0: loading /app/test/features/tasks/presentation/widgets/task_card_test.dart                                                                                                                    00:02 +0: TaskCard shows confirmation dialog on delete swipe                                                                                                                                           00:03 +0: TaskCard shows confirmation dialog on delete swipe                                                                                                                                           00:03 +0: TaskCard shows confirmation dialog on delete swipe
══╡ EXCEPTION CAUGHT BY FLUTTER TEST FRAMEWORK ╞════════════════════════════════════════════════════
The following TestFailure was thrown running a test:
Expected: exactly one matching candidate
  Actual: _TextWidgetFinder:<Found 0 widgets with text "Delete Task?": []>
   Which: means none were found but one was expected

When the exception was thrown, this was the stack:
#4      main.<anonymous closure> (file:///app/test/features/tasks/presentation/widgets/task_card_test.dart:37:5)
<asynchronous suspension>
#5      testWidgets.<anonymous closure>.<anonymous closure> (package:flutter_test/src/widget_tester.dart:192:15)
<asynchronous suspension>
#6      TestWidgetsFlutterBinding._runTestBody (package:flutter_test/src/binding.dart:1059:5)
<asynchronous suspension>
<asynchronous suspension>
(elided one frame from package:stack_trace)

This was caught by the test expectation on the following line:
  file:///app/test/features/tasks/presentation/widgets/task_card_test.dart line 37
The test description was:
  TaskCard shows confirmation dialog on delete swipe
════════════════════════════════════════════════════════════════════════════════════════════════════
00:03 +0 -1: TaskCard shows confirmation dialog on delete swipe [E]
  Test failed. See exception logs above.
  The test description was: TaskCard shows confirmation dialog on delete swipe


To run this test again: /opt/flutter/bin/cache/dart-sdk/bin/dart test /app/test/features/tasks/presentation/widgets/task_card_test.dart -p vm --plain-name 'TaskCard shows confirmation dialog on delete swipe'
00:03 +0 -1: Some tests failed.
